TAP version 13
# Subtest: FES 03C locks versions and display ordering
ok 1 - FES 03C locks versions and display ordering
  ---
  duration_ms: 5.272539
  type: 'test'
  ...
# Subtest: FES 03C presents every canonical event type
ok 2 - FES 03C presents every canonical event type
  ---
  duration_ms: 0.527735
  type: 'test'
  ...
# Subtest: FES 03C creates one item per timeline entry
ok 3 - FES 03C creates one item per timeline entry
  ---
  duration_ms: 61.628945
  type: 'test'
  ...
# Subtest: FES 03C displays newest first while preserving canonical position
ok 4 - FES 03C displays newest first while preserving canonical position
  ---
  duration_ms: 25.177618
  type: 'test'
  ...
# Subtest: FES 03C derives stable identity from tenant and timeline
ok 5 - FES 03C derives stable identity from tenant and timeline
  ---
  duration_ms: 22.863945
  type: 'test'
  ...
# Subtest: FES 03C exposes title category facts source evidence and confirmation
ok 6 - FES 03C exposes title category facts source evidence and confirmation
  ---
  duration_ms: 17.688789
  type: 'test'
  ...
# Subtest: FES 03C maps confirmed state to no pending state
ok 7 - FES 03C maps confirmed state to no pending state
  ---
  duration_ms: 11.792539
  type: 'test'
  ...
# Subtest: FES 03C maps reported state to reviewable
ok 8 - FES 03C maps reported state to reviewable
  ---
  duration_ms: 13.020156
  type: 'test'
  ...
# Subtest: FES 03C maps unconfirmed state to pending confirmation
ok 9 - FES 03C maps unconfirmed state to pending confirmation
  ---
  duration_ms: 4.420977
  type: 'test'
  ...
# Subtest: FES 03C preserves original and correction as visible items
ok 10 - FES 03C preserves original and correction as visible items
  ---
  duration_ms: 9.069336
  type: 'test'
  ...
# Subtest: FES 03C computes deterministic summary counts
ok 11 - FES 03C computes deterministic summary counts
  ---
  duration_ms: 14.917109
  type: 'test'
  ...
# Subtest: FES 03C computes correction summary counts
ok 12 - FES 03C computes correction summary counts
  ---
  duration_ms: 2.842265
  type: 'test'
  ...
# Subtest: FES 03C exposes oldest and newest occurrence boundaries
ok 13 - FES 03C exposes oldest and newest occurrence boundaries
  ---
  duration_ms: 13.532851
  type: 'test'
  ...
# Subtest: FES 03C is deterministic and rebuildable
ok 14 - FES 03C is deterministic and rebuildable
  ---
  duration_ms: 29.267695
  type: 'test'
  ...
# Subtest: FES 03C rejects a detached or mismatched source timeline
ok 15 - FES 03C rejects a detached or mismatched source timeline
  ---
  duration_ms: 14.948516
  type: 'test'
  ...
# Subtest: FES 03C detects tampered derived state
ok 16 - FES 03C detects tampered derived state
  ---
  duration_ms: 18.815234
  type: 'test'
  ...
# Subtest: FES 03C rejects unsupported projection and item fields
ok 17 - FES 03C rejects unsupported projection and item fields
  ---
  duration_ms: 12.927813
  type: 'test'
  ...
# Subtest: FES 03C output is deeply immutable and does not mutate timeline
ok 18 - FES 03C output is deeply immutable and does not mutate timeline
  ---
  duration_ms: 12.062187
  type: 'test'
  ...
# Subtest: FES 03C keeps stable identity while digest follows source content
ok 19 - FES 03C keeps stable identity while digest follows source content
  ---
  duration_ms: 6.428399
  type: 'test'
  ...
# Subtest: FES 03C returns null for absent event
ok 20 - FES 03C returns null for absent event
  ---
  duration_ms: 15.778906
  type: 'test'
  ...
1..20
# tests 20
# suites 0
# pass 20
# fail 0
# cancelled 0
# skipped 0
# todo 0
# duration_ms 579.710039
