TAP version 13
# Subtest: FES 03F exposes locked projection contracts
ok 1 - FES 03F exposes locked projection contracts
  ---
  duration_ms: 3.448907
  type: 'test'
  ...
# Subtest: FES 03F requires explicit plan reference
ok 2 - FES 03F requires explicit plan reference
  ---
  duration_ms: 34.683854
  type: 'test'
  ...
# Subtest: FES 03F requires at least one timeline
ok 3 - FES 03F requires at least one timeline
  ---
  duration_ms: 0.3625
  type: 'test'
  ...
# Subtest: FES 03F rejects mixed tenants
ok 4 - FES 03F rejects mixed tenants
  ---
  duration_ms: 15.856302
  type: 'test'
  ...
# Subtest: FES 03F returns an empty plan when no work requires attention
ok 5 - FES 03F returns an empty plan when no work requires attention
  ---
  duration_ms: 5.278125
  type: 'test'
  ...
# Subtest: FES 03F projects appointment outcome confirmation
ok 6 - FES 03F projects appointment outcome confirmation
  ---
  duration_ms: 7.112448
  type: 'test'
  ...
# Subtest: FES 03F projects open due follow-up
ok 7 - FES 03F projects open due follow-up
  ---
  duration_ms: 11.456302
  type: 'test'
  ...
# Subtest: FES 03F excludes completed due follow-up
ok 8 - FES 03F excludes completed due follow-up
  ---
  duration_ms: 9.624115
  type: 'test'
  ...
# Subtest: FES 03F projects reviewable reported evidence
ok 9 - FES 03F projects reviewable reported evidence
  ---
  duration_ms: 6.185
  type: 'test'
  ...
# Subtest: FES 03F projects optional context after held appointment
ok 10 - FES 03F projects optional context after held appointment
  ---
  duration_ms: 7.590938
  type: 'test'
  ...
# Subtest: FES 03F removes optional context when later context exists
ok 11 - FES 03F removes optional context when later context exists
  ---
  duration_ms: 8.440937
  type: 'test'
  ...
# Subtest: FES 03F promotes correction conflict above all other work
ok 12 - FES 03F promotes correction conflict above all other work
  ---
  duration_ms: 14.889011
  type: 'test'
  ...
# Subtest: FES 03F orders work by priority
ok 13 - FES 03F orders work by priority
  ---
  duration_ms: 21.644271
  type: 'test'
  ...
# Subtest: FES 03F orders same-priority due work by due date
ok 14 - FES 03F orders same-priority due work by due date
  ---
  duration_ms: 10.98948
  type: 'test'
  ...
# Subtest: FES 03F is independent from input timeline order
ok 15 - FES 03F is independent from input timeline order
  ---
  duration_ms: 12.811094
  type: 'test'
  ...
# Subtest: FES 03F deduplicates exact prospect replay
ok 16 - FES 03F deduplicates exact prospect replay
  ---
  duration_ms: 6.289323
  type: 'test'
  ...
# Subtest: FES 03F keeps unsupported intelligence explicit
ok 17 - FES 03F keeps unsupported intelligence explicit
  ---
  duration_ms: 4.356719
  type: 'test'
  ...
# Subtest: FES 03F does not infer current time or overdue state
ok 18 - FES 03F does not infer current time or overdue state
  ---
  duration_ms: 4.584271
  type: 'test'
  ...
# Subtest: FES 03F derives stable plan identity
ok 19 - FES 03F derives stable plan identity
  ---
  duration_ms: 4.798594
  type: 'test'
  ...
# Subtest: FES 03F computes deterministic counts
ok 20 - FES 03F computes deterministic counts
  ---
  duration_ms: 10.898282
  type: 'test'
  ...
# Subtest: FES 03F rebuilds byte-equivalent output
ok 21 - FES 03F rebuilds byte-equivalent output
  ---
  duration_ms: 10.515469
  type: 'test'
  ...
# Subtest: FES 03F rejects validation against different source
ok 22 - FES 03F rejects validation against different source
  ---
  duration_ms: 7.45099
  type: 'test'
  ...
# Subtest: FES 03F detects tampered priority
ok 23 - FES 03F detects tampered priority
  ---
  duration_ms: 8.058541
  type: 'test'
  ...
# Subtest: FES 03F rejects unsupported top-level fields
ok 24 - FES 03F rejects unsupported top-level fields
  ---
  duration_ms: 7.277812
  type: 'test'
  ...
# Subtest: FES 03F rejects unsupported work-item fields
ok 25 - FES 03F rejects unsupported work-item fields
  ---
  duration_ms: 6.944948
  type: 'test'
  ...
# Subtest: FES 03F output is deeply immutable
ok 26 - FES 03F output is deeply immutable
  ---
  duration_ms: 6.523229
  type: 'test'
  ...
# Subtest: FES 03F does not mutate source timelines
ok 27 - FES 03F does not mutate source timelines
  ---
  duration_ms: 6.633229
  type: 'test'
  ...
# Subtest: FES 03F keeps plan identity stable while digest follows source state
ok 28 - FES 03F keeps plan identity stable while digest follows source state
  ---
  duration_ms: 8.738281
  type: 'test'
  ...
1..28
# tests 28
# suites 0
# pass 28
# fail 0
# cancelled 0
# skipped 0
# todo 0
# duration_ms 419.884688
