✔ real product entrypoint loads UI-M02 exactly once (10.851328ms)
✔ shell runtime is gated by the UI-M01 feature flag (7.488945ms)
✔ shell preserves the productive Home surface (1.686523ms)
✔ shell exposes the approved responsive modes (1.645235ms)
✔ shell contains navigation and Alfred surfaces (1.572657ms)
✔ UI-M02 does not introduce productive side effects (1.76664ms)
✔ all shell CSS is activated by Material 3 mode (5.311367ms)
✔ manifest preserves runtime boundaries (2.589414ms)
✔ browser acceptance fixture loads production UI-M02 assets (2.868007ms)
✔ fixture applies legacy cascade pressure after shell CSS (4.586485ms)
✔ acceptance server is static and Vite-free (2.78ms)
✔ Actions watches the isolated acceptance harness (1.122188ms)
✔ UI-M03 R1 assets load exactly once (3.582656ms)
✔ productive Home markup and handlers remain intact (1.029531ms)
✔ runtime selects one responsive product authority (0.393867ms)
✔ mobile blocks duplicate header and navigation (1.281289ms)
✔ touch layouts keep the new Alfred launcher only (0.748125ms)
✔ tablet and desktop use the full productive workspace (0.870195ms)
✔ workspace no longer reserves the isolated shell rail (0.826054ms)
✔ inactive historical layouts cannot remain interactive (0.360313ms)
✔ UI-M03 R1 introduces no productive side effects (1.168789ms)
✔ fail-closed public configuration remains visible (0.869531ms)
✔ manifest records owner rejection and correction (0.45668ms)
ℹ tests 23
ℹ suites 0
ℹ pass 23
ℹ fail 0
ℹ cancelled 0
ℹ skipped 0
ℹ todo 0
ℹ duration_ms 309.553945
