✔ real product entrypoint loads UI-M02 exactly once (11.204257ms)
✔ shell runtime is gated by the UI-M01 feature flag (2.527617ms)
✔ shell preserves the productive Home surface (1.303125ms)
✔ shell exposes the approved responsive modes (1.421446ms)
✔ shell contains navigation and Alfred surfaces (1.410937ms)
✔ UI-M02 does not introduce productive side effects (1.988906ms)
✔ all shell CSS is activated by Material 3 mode (5.94668ms)
✔ manifest preserves runtime boundaries (6.350078ms)
✔ browser acceptance fixture loads production UI-M02 assets (2.472774ms)
✔ fixture applies legacy cascade pressure after shell CSS (2.467149ms)
✔ acceptance server is static and Vite-free (7.490586ms)
✔ Actions watches the isolated acceptance harness (1.088047ms)
✔ UI-M03 assets load exactly once (5.109219ms)
✔ UI-M03 wins the legacy home cascade (0.48586ms)
✔ productive Home markup is preserved (0.902383ms)
✔ runtime is feature-flagged and shell-bound (0.851757ms)
✔ UI-M03 introduces no productive side effects (0.858281ms)
✔ dynamic Home widgets are reconciled idempotently (0.366328ms)
✔ all UI-M03 CSS is scoped to Material 3 Inicio (0.898086ms)
✔ responsive and reduced-motion contracts exist (0.694453ms)
✔ legacy productive Home authorities remain loaded (3.497266ms)
✔ manifest locks UI-M03 boundaries (0.867461ms)
ℹ tests 22
ℹ suites 0
ℹ pass 22
ℹ fail 0
ℹ cancelled 0
ℹ skipped 0
ℹ todo 0
ℹ duration_ms 352.832343
